#-----------------------------------------------------------
# Vivado v2021.2 (64-bit)
# SW Build 3367213 on Tue Oct 19 02:48:09 MDT 2021
# IP Build 3369179 on Thu Oct 21 08:25:16 MDT 2021
# Start of session at: Thu May 26 21:18:11 2022
# Process ID: 23984
# Current directory: C:/Users/Marcell/Desktop/BME/MSc/LogTerv/LogTervHF
# Command line: vivado.exe -gui_launcher_event rodinguilauncherevent12160 C:\Users\Marcell\Desktop\BME\MSc\LogTerv\LogTervHF\LogTervHF.xpr
# Log file: C:/Users/Marcell/Desktop/BME/MSc/LogTerv/LogTervHF/vivado.log
# Journal file: C:/Users/Marcell/Desktop/BME/MSc/LogTerv/LogTervHF\vivado.jou
# Running On: Cibbersson, OS: Windows, CPU Frequency: 3693 MHz, CPU Physical cores: 12, Host memory: 17102 MB
#-----------------------------------------------------------
start_gui
open_project C:/Users/Marcell/Desktop/BME/MSc/LogTerv/LogTervHF/LogTervHF.xpr
update_compile_order -fileset sources_1
update_compile_order -fileset sources_1
update_compile_order -fileset sources_1
update_compile_order -fileset sources_1
launch_simulation
file mkdir C:/Users/Marcell/Desktop/BME/MSc/LogTerv/LogTervHF/LogTervHF.srcs/sim_1/new
set_property SOURCE_SET sources_1 [get_filesets sim_1]
close [ open C:/Users/Marcell/Desktop/BME/MSc/LogTerv/LogTervHF/LogTervHF.srcs/sim_1/new/tb.v w ]
add_files -fileset sim_1 C:/Users/Marcell/Desktop/BME/MSc/LogTerv/LogTervHF/LogTervHF.srcs/sim_1/new/tb.v
update_compile_order -fileset sim_1
set_property SOURCE_SET sources_1 [get_filesets sim_1]
close [ open C:/Users/Marcell/Desktop/BME/MSc/LogTerv/LogTervHF/LogTervHF.srcs/sim_1/new/test_rom.v w ]
add_files -fileset sim_1 C:/Users/Marcell/Desktop/BME/MSc/LogTerv/LogTervHF/LogTervHF.srcs/sim_1/new/test_rom.v
update_compile_order -fileset sim_1
launch_simulation
launch_simulation
launch_simulation
launch_simulation
launch_simulation
launch_simulation
launch_simulation
launch_simulation
launch_simulation
launch_simulation
launch_simulation
launch_simulation
launch_simulation
launch_simulation
launch_simulation
launch_simulation
launch_simulation
launch_simulation
launch_simulation
launch_simulation
launch_simulation
launch_simulation
source top_level.tcl
run 1000000 us
run 1000000 us
# Disabling source management mode.  This is to allow the top design properties to be set without GUI intervention.
set_property source_mgmt_mode None [current_project]
set_property top tb [get_filesets sim_1]
set_property top_lib xil_defaultlib [get_filesets sim_1]
# Re-enabling previously disabled source management mode.
set_property source_mgmt_mode All [current_project]
update_compile_order -fileset sim_1
launch_simulation
launch_simulation
# Disabling source management mode.  This is to allow the top design properties to be set without GUI intervention.
set_property source_mgmt_mode None [current_project]
set_property top top_level [get_filesets sim_1]
set_property top_lib xil_defaultlib [get_filesets sim_1]
# Re-enabling previously disabled source management mode.
set_property source_mgmt_mode All [current_project]
update_compile_order -fileset sim_1
close_sim
launch_simulation
source top_level.tcl
close_sim
# Disabling source management mode.  This is to allow the top design properties to be set without GUI intervention.
set_property source_mgmt_mode None [current_project]
set_property top tb [get_filesets sim_1]
set_property top_lib xil_defaultlib [get_filesets sim_1]
# Re-enabling previously disabled source management mode.
set_property source_mgmt_mode All [current_project]
update_compile_order -fileset sim_1
launch_simulation
launch_simulation
launch_simulation
source tb.tcl
run 1000000 us
close_sim
launch_simulation
source tb.tcl
restart
run 1000000 ns
restart
run 1000000 us
run 1000 us
close_sim
launch_simulation
source tb.tcl
run 1000 ms
run 10 ms
close_sim
launch_simulation
source tb.tcl
restart
run 10 ms
run 10 ms
add_bp {C:/Users/Marcell/Desktop/BME/MSc/LogTerv/LogTervHF/LogTervHF.srcs/sources_1/new/log2_rom.v} 30
restart
run 10 ms
run 10 ms
run 10 ms
add_bp {C:/Users/Marcell/Desktop/BME/MSc/LogTerv/LogTervHF/LogTervHF.srcs/sources_1/new/coeff_rom.v} 30
remove_bps -file {C:/Users/Marcell/Desktop/BME/MSc/LogTerv/LogTervHF/LogTervHF.srcs/sources_1/new/coeff_rom.v} -line 30
add_bp {C:/Users/Marcell/Desktop/BME/MSc/LogTerv/LogTervHF/LogTervHF.srcs/sources_1/new/coeff_rom.v} 30
remove_bps -file {C:/Users/Marcell/Desktop/BME/MSc/LogTerv/LogTervHF/LogTervHF.srcs/sources_1/new/coeff_rom.v} -line 30
run all
close_sim
launch_simulation
source tb.tcl
run 10 ms
run 10 ms
remove_forces { {/tb/core/calc/coeff_rom_real/clk} }
restart
run 20 ms
run 20 ms
restart
save_wave_config {C:/Users/Marcell/Desktop/BME/MSc/LogTerv/LogTervHF/tb_behav.wcfg}
add_files -fileset sim_1 -norecurse C:/Users/Marcell/Desktop/BME/MSc/LogTerv/LogTervHF/tb_behav.wcfg
set_property xsim.view C:/Users/Marcell/Desktop/BME/MSc/LogTerv/LogTervHF/tb_behav.wcfg [get_filesets sim_1]
close_sim
launch_simulation
open_wave_config C:/Users/Marcell/Desktop/BME/MSc/LogTerv/LogTervHF/tb_behav.wcfg
source tb.tcl
remove_bps -file {C:/Users/Marcell/Desktop/BME/MSc/LogTerv/LogTervHF/LogTervHF.srcs/sources_1/new/log2_rom.v} -line 30
restart
run all
restart
run 20 ms
restart
run 20 ms
save_wave_config {C:/Users/Marcell/Desktop/BME/MSc/LogTerv/LogTervHF/tb_behav.wcfg}
close_sim
launch_simulation
open_wave_config C:/Users/Marcell/Desktop/BME/MSc/LogTerv/LogTervHF/tb_behav.wcfg
source tb.tcl
restart
run 20 ms
restart
run 20 ms
restart
run 20 ms
restart
run 4 ms
save_wave_config {C:/Users/Marcell/Desktop/BME/MSc/LogTerv/LogTervHF/tb_behav.wcfg}
restart
run 4 ms
restart
run 4 ms
save_wave_config {C:/Users/Marcell/Desktop/BME/MSc/LogTerv/LogTervHF/tb_behav.wcfg}
close_sim
launch_simulation
open_wave_config C:/Users/Marcell/Desktop/BME/MSc/LogTerv/LogTervHF/tb_behav.wcfg
source tb.tcl
restart
run 4 ms
close_sim
launch_simulation
open_wave_config C:/Users/Marcell/Desktop/BME/MSc/LogTerv/LogTervHF/tb_behav.wcfg
source tb.tcl
restart
run 4 ms
close_sim
launch_simulation
launch_simulation
open_wave_config C:/Users/Marcell/Desktop/BME/MSc/LogTerv/LogTervHF/tb_behav.wcfg
source tb.tcl
restart
run 4 ms
restart
run 17 ms
restart
run 30 ms
close_sim
launch_simulation
open_wave_config C:/Users/Marcell/Desktop/BME/MSc/LogTerv/LogTervHF/tb_behav.wcfg
source tb.tcl
restart
run 30 ms
close_sim
