#-----------------------------------------------------------
# Vivado v2021.2 (64-bit)
# SW Build 3367213 on Tue Oct 19 02:48:09 MDT 2021
# IP Build 3369179 on Thu Oct 21 08:25:16 MDT 2021
<<<<<<<< HEAD:vivado_21364.backup.jou
# Start of session at: Mon May  9 21:58:07 2022
# Process ID: 21364
# Current directory: C:/Users/Marcell/Desktop/BME/MSc/LogTerv/LogTervHF
# Command line: vivado.exe -gui_launcher_event rodinguilauncherevent23164 C:\Users\Marcell\Desktop\BME\MSc\LogTerv\LogTervHF\LogTervHF.xpr
========
# Start of session at: Tue May 10 19:36:16 2022
# Process ID: 13424
# Current directory: C:/Users/Marcell/Desktop/BME/MSc/LogTerv/LogTervHF
# Command line: vivado.exe -gui_launcher_event rodinguilauncherevent10144 C:\Users\Marcell\Desktop\BME\MSc\LogTerv\LogTervHF\LogTervHF.xpr
>>>>>>>> sziki:vivado_13424.backup.jou
# Log file: C:/Users/Marcell/Desktop/BME/MSc/LogTerv/LogTervHF/vivado.log
# Journal file: C:/Users/Marcell/Desktop/BME/MSc/LogTerv/LogTervHF\vivado.jou
# Running On: Cibbersson, OS: Windows, CPU Frequency: 3693 MHz, CPU Physical cores: 12, Host memory: 17102 MB
#-----------------------------------------------------------
start_gui
open_project C:/Users/Marcell/Desktop/BME/MSc/LogTerv/LogTervHF/LogTervHF.xpr
<<<<<<<< HEAD:vivado_21364.backup.jou
========
update_compile_order -fileset sources_1
>>>>>>>> sziki:vivado_13424.backup.jou
